// Jest Snapshot v1, https://goo.gl/fbAQLP

exports[`Navigation component should render the app container with routes 1`] = `ShallowWrapper {}`;
